// Jest Snapshot v1, https://goo.gl/fbAQLP

exports[`Testing <AdPlaceHolder/> should render a AdPlaceHolder 1`] = `
<ThemedComponent
  _reactThemeProviderForwardedRef={null}
/>
`;
