// Jest Snapshot v1, https://goo.gl/fbAQLP

exports[`Testing <AppHeader/> should render a AppHeader 1`] = `
<ThemedComponent
  _reactThemeProviderForwardedRef={null}
/>
`;
