// Jest Snapshot v1, https://goo.gl/fbAQLP

exports[`Testing <TextHeader/> should render a TextHeader 1`] = `
<ThemedComponent
  _reactThemeProviderForwardedRef={null}
  headerTitle="Sample Header title"
/>
`;
